> Task :createMinecraftArtifacts UP-TO-DATE
> Task :compileJava NO-SOURCE
> Task :processResources NO-SOURCE
> Task :classes UP-TO-DATE
> Task :downloadAssets UP-TO-DATE
> Task :writeClientLegacyClasspath
> Task :prepareClientRun
> Task :syncRunMods UP-TO-DATE

> Task :runClient
WARN StatusConsoleListener Advanced terminal features are not available in this environment
[09:44:24] [main/INFO] [cp.mo.mo.Launcher/MODLAUNCHER]: ModLauncher running: args [--launchTarget, forgeclientdev, --version, 21.1.256, --assetIndex, 17, --assetsDir, C:\\Users\\Sellu\\.gradle\\caches\\neoformruntime\\assets, --gameDir, ., --fml.fmlVersion, 4.0.45, --fml.mcVersion, 1.21.1, --fml.neoForgeVersion, 21.1.256, --fml.neoFormVersion, 20240808.144430]
[09:44:24] [main/INFO] [cp.mo.mo.Launcher/MODLAUNCHER]: JVM identified as Oracle Corporation Java HotSpot(TM) 64-Bit Server VM 21.0.12+7-LTS-205
[09:44:24] [main/INFO] [cp.mo.mo.Launcher/MODLAUNCHER]: ModLauncher 11.0.5+main.901c6ea8 starting: java version 21.0.12 by Oracle Corporation; OS Windows 11 arch amd64 version 10.0
[09:44:24] [main/INFO] [ne.ne.fm.lo.ImmediateWindowHandler/]: Loading ImmediateWindowProvider fmlearlywindow
[09:44:24] [main/INFO] [EARLYDISPLAY/]: Trying GL version 4.6
[09:44:24] [main/INFO] [EARLYDISPLAY/]: Requested GL version 4.6 got version 4.6
[09:44:24] [main/INFO] [mixin/]: SpongePowered MIXIN Subsystem Version=0.8.7 Source=union:/C:/Users/Sellu/.gradle/caches/modules-2/files-2.1/net.fabricmc/sponge-mixin/0.16.4+mixin.0.8.7/26d01f0567ab46e9ca0d2ed89d0ecc11aadbd433/sponge-mixin-0.16.4+mixin.0.8.7.jar%23138!/ Service=ModLauncher Env=CLIENT
[09:44:24] [pool-2-thread-1/INFO] [EARLYDISPLAY/]: GL info: NVIDIA GeForce RTX 4060/PCIe/SSE2 GL version 4.6.0 NVIDIA 591.86, NVIDIA Corporation
[09:44:25] [main/INFO] [ne.ne.fm.lo.mo.lo.JarInJarDependencyLocator/]: Found 13 dependencies adding them to mods collection
[09:44:25] [main/INFO] [ne.ne.fm.lo.mo.ModDiscoverer/]: 
     Mod List:
		Name Version (Mod Id)

		Create 6.0.10 (create)
		Create Aeronautics 1.3.2 (aeronautics)
		Create Aeronautics 1.3.2 (aeronautics_bundled)
		Create Offroad 1.3.2 (offroad)
		Create Simulated 1.3.2 (simulated)
		Fealty 0.1.0 (fealty)
		Flywheel 1.0.6 (flywheel)
		GeckoLib 4 4.9.3 (geckolib)
		Minecraft 1.21.1 (minecraft)
		NeoForge 21.1.256 (neoforge)
		Ponder 1.0.82+mc1.21.1 (ponder)
		Sable 2.0.6 (sable)
		Sable Companion 1.6.0 (sablecompanion)
		Veil 4.3.2 (veil)
[09:44:26] [main/INFO] [mixin/]: Compatibility level set to JAVA_21
[09:44:26] [main/INFO] [cp.mo.mo.LaunchServiceHandler/MODLAUNCHER]: Launching target 'forgeclientdev' with arguments [--version, 21.1.256, --gameDir, ., --assetsDir, C:\Users\Sellu\.gradle\caches\neoformruntime\assets, --assetIndex, 17]
[09:44:26] [main/WARN] [mixin/]: Reference map 'simulated.refmap.json' for simulated.mixins.json could not be read. If this is a development environment you can ignore this message
[09:44:26] [main/WARN] [mixin/]: Reference map 'geckolib.refmap.json' for geckolib.mixins.json could not be read. If this is a development environment you can ignore this message
[09:44:26] [main/WARN] [mixin/]: Reference map 'aeronautics.refmap.json' for aeronautics.mixins.json could not be read. If this is a development environment you can ignore this message
[09:44:26] [main/WARN] [mixin/]: Reference map 'ponder.refmap.json' for ponder-common.mixins.json could not be read. If this is a development environment you can ignore this message
[09:44:26] [main/INFO] [de.ry.sa.mi.AbstractSableMixinPlugin/]: Using Vanilla renderer mixins
[09:44:26] [main/INFO] [de.ry.sa.mi.AbstractSableMixinPlugin/]: Using Vanilla renderer mixins
[09:44:26] [main/WARN] [mixin/]: Reference map 'offroad.refmap.json' for offroad.mixins.json could not be read. If this is a development environment you can ignore this message
[09:44:27] [main/WARN] [mixin/]: Error loading class: net/irisshaders/iris/pipeline/PipelineManager (java.lang.ClassNotFoundException: net.irisshaders.iris.pipeline.PipelineManager)
[09:44:27] [main/WARN] [mixin/]: @Mixin target net.irisshaders.iris.pipeline.PipelineManager was not found veil.neoforge.mixins.json:client.perspective.iris.PipelineManagerMixin from mod veil
[09:44:27] [main/WARN] [mixin/]: Error loading class: org/jetbrains/annotations/ApiStatus$ScheduledForRemoval (java.lang.ClassNotFoundException: org.jetbrains.annotations.ApiStatus$ScheduledForRemoval)
[09:44:27] [main/INFO] [MixinExtras|Service/]: Initializing MixinExtras via com.llamalad7.mixinextras.service.MixinExtrasServiceImpl(version=0.5.5).
[09:44:29] [Datafixer Bootstrap/INFO] [mojang/DataFixerBuilder]: 229 Datafixer optimizations took 418 milliseconds
[09:44:34] [main/WARN] [minecraft/Commands]: Ambiguity between arguments [teleport, location] and [teleport, destination] with inputs: [0.1 -0.5 .9, 0 0 0]
[09:44:34] [main/WARN] [minecraft/Commands]: Ambiguity between arguments [teleport, location] and [teleport, targets] with inputs: [0.1 -0.5 .9, 0 0 0]
[09:44:34] [main/WARN] [minecraft/Commands]: Ambiguity between arguments [teleport, destination] and [teleport, targets] with inputs: [Player, 0123, @e, dd12be42-52a9-4a91-a8a1-11c01849e498]
[09:44:34] [main/WARN] [minecraft/Commands]: Ambiguity between arguments [teleport, targets] and [teleport, destination] with inputs: [Player, 0123, dd12be42-52a9-4a91-a8a1-11c01849e498]
[09:44:34] [main/WARN] [minecraft/Commands]: Ambiguity between arguments [teleport, targets, location] and [teleport, targets, destination] with inputs: [0.1 -0.5 .9, 0 0 0]
[09:44:34] [Render thread/WARN] [minecraft/VanillaPackResourcesBuilder]: Assets URL 'union:/C:/Users/Sellu/Documents/Projects/Skyseam/build/moddev/artifacts/neoforge-21.1.256.jar%23192!/assets/.mcassetsroot' uses unexpected schema
[09:44:34] [Render thread/WARN] [minecraft/VanillaPackResourcesBuilder]: Assets URL 'union:/C:/Users/Sellu/Documents/Projects/Skyseam/build/moddev/artifacts/neoforge-21.1.256.jar%23192!/data/.mcassetsroot' uses unexpected schema
[09:44:34] [Render thread/INFO] [mojang/YggdrasilAuthenticationService]: Environment: Environment[sessionHost=https://sessionserver.mojang.com, servicesHost=https://api.minecraftservices.com, name=PROD]
[09:44:34] [Render thread/INFO] [minecraft/Minecraft]: Setting user: Dev
[09:44:34] [Render thread/INFO] [minecraft/Minecraft]: Backend library: LWJGL version 3.3.3+5
[09:44:34] [modloading-worker-0/INFO] [Veil/]: Veil is initializing.
[09:44:34] [modloading-worker-0/INFO] [ne.ne.ne.co.NeoForgeMod/NEOFORGE-MOD]: NeoForge mod loading, version 21.1.256, for MC 1.21.1
[09:44:35] [modloading-worker-0/INFO] [co.si.cr.Create/]: Create 6.0.10 initializing! Commit hash: ac0c444d9828da3453ae8cc65338e8de063286fb
[09:44:36] [modloading-worker-0/INFO] [de.ry.sa.Sable/]: Sable loaded!
[09:44:36] [modloading-worker-0/WARN] [de.ry.sa.Sable/]: NOTE: Sable is loaded with Flywheel. Sable contains extensive shader overrides and a full light-storage replacement. Expect this to cause compatibility issues. If issues arise, please report them to the Sable issue tracker (https://github.com/ryanhcode/sable/issues) instead of the Flywheel issue tracker.
[09:44:38] [Render thread/INFO] [Veil/]: GL Debug supported
[09:44:39] [Render thread/INFO] [ne.ne.ne.ga.GameTestHooks/]: Enabled Gametest Namespaces: [skyseam]
[09:44:39] [Render thread/INFO] [minecraft/ReloadableResourceManager]: Reloading ResourceManager: vanilla, mod_resources, mod/fealty, mod/veil, mod/simulated, mod/geckolib, mod/aeronautics, mod/aeronautics_bundled, mod/sablecompanion, mod/flywheel, mod/ponder, mod/create, mod/sable, mod/offroad, mod/neoforge
[09:44:39] [NeoForge Version Check/INFO] [ne.ne.fm.VersionChecker/]: [create] Starting version check at https://api.modrinth.com/updates/create/forge_updates.json?neoforge=only
[09:44:39] [Worker-Main-4/INFO] [minecraft/UnihexProvider]: Found unifont_all_no_pua-15.1.05.hex, loading
[09:44:39] [Worker-Main-5/INFO] [minecraft/UnihexProvider]: Found unifont_jp_patch-15.1.05.hex, loading
[09:44:40] [NeoForge Version Check/INFO] [ne.ne.fm.VersionChecker/]: [create] Found status: OUTDATED Current: 6.0.10 Target: 6.0.10+mc1.21.1
[09:44:42] [Render thread/INFO] [Veil/]: Loaded 0 shader redirects, 0 replacements
[09:44:42] [Render thread/INFO] [Veil/]: Loaded 29 shaders from: pinwheel/shaders/program
[09:44:42] [Worker-Main-2/INFO] [PonderIndex/]: Registering Ponder Scenes took 167.3 ms
[09:44:42] [Worker-Main-2/INFO] [PonderIndex/]: Registering Ponder Tags took 5.330 ms
[09:44:42] [Render thread/WARN] [minecraft/SoundEngine]: Missing sound for event: minecraft:item.goat_horn.play
[09:44:42] [Render thread/WARN] [minecraft/SoundEngine]: Missing sound for event: minecraft:entity.goat.screaming.horn_break
[09:44:43] [Render thread/INFO] [mojang/Library]: OpenAL initialized on device OpenAL Soft on Realtek HD Audio 2nd output (Realtek(R) Audio)
[09:44:43] [Render thread/INFO] [minecraft/SoundEngine]: Sound engine started
[09:44:43] [Render thread/INFO] [minecraft/TextureAtlas]: Created: 2048x1024x4 minecraft:textures/atlas/blocks.png-atlas
[09:44:43] [Render thread/INFO] [minecraft/TextureAtlas]: Created: 256x256x4 minecraft:textures/atlas/signs.png-atlas
[09:44:43] [Render thread/INFO] [minecraft/TextureAtlas]: Created: 512x512x4 minecraft:textures/atlas/shield_patterns.png-atlas
[09:44:43] [Render thread/INFO] [minecraft/TextureAtlas]: Created: 512x512x4 minecraft:textures/atlas/banner_patterns.png-atlas
[09:44:43] [Render thread/INFO] [minecraft/TextureAtlas]: Created: 2048x1024x4 minecraft:textures/atlas/armor_trims.png-atlas
[09:44:43] [Render thread/INFO] [minecraft/TextureAtlas]: Created: 128x64x4 minecraft:textures/atlas/decorated_pot.png-atlas
[09:44:43] [Render thread/INFO] [minecraft/TextureAtlas]: Created: 256x256x4 minecraft:textures/atlas/chest.png-atlas
[09:44:43] [Render thread/INFO] [minecraft/TextureAtlas]: Created: 512x256x4 minecraft:textures/atlas/shulker_boxes.png-atlas
[09:44:43] [Render thread/INFO] [minecraft/TextureAtlas]: Created: 512x256x4 minecraft:textures/atlas/beds.png-atlas
[09:44:43] [Render thread/INFO] [minecraft/TextureAtlas]: Created: 512x512x0 minecraft:textures/atlas/particles.png-atlas
[09:44:43] [Render thread/INFO] [minecraft/TextureAtlas]: Created: 512x256x0 minecraft:textures/atlas/paintings.png-atlas
[09:44:43] [Render thread/INFO] [minecraft/TextureAtlas]: Created: 256x128x0 minecraft:textures/atlas/mob_effects.png-atlas
[09:44:43] [Render thread/INFO] [minecraft/TextureAtlas]: Created: 64x64x0 minecraft:textures/atlas/map_decorations.png-atlas
[09:44:43] [Render thread/INFO] [minecraft/TextureAtlas]: Created: 1024x1024x0 minecraft:textures/atlas/gui.png-atlas
[09:44:43] [Render thread/WARN] [minecraft/ShaderInstance]: Shader rendertype_entity_translucent_emissive could not find sampler named Sampler2 in the specified shader program.
[09:44:43] [Render thread/INFO] [Veil/]: Loaded 3 framebuffers
[09:44:43] [Render thread/INFO] [Veil/]: Loaded 6 post pipelines
[09:44:43] [Render thread/INFO] [Veil/]: Loaded 4 render types
[09:44:43] [Render thread/INFO] [Veil/]: Enabled bloom pipeline
[09:44:43] [Render thread/INFO] [Veil/]: Loaded 0 quasar particles
[09:44:43] [Render thread/INFO] [Veil/]: Loaded 0 templates
[09:44:43] [Render thread/INFO] [Veil/]: Loaded 0 modules
[09:44:43] [Render thread/INFO] [flywheel/backend/shaders/]: Loaded 77 shader sources in 30.851 ms
[09:44:43] [Render thread/INFO] [Veil/]: Compiled 58 vanilla shaders in 201.5 ms
[09:44:43] [Render thread/INFO] [co.si.cr.Create/]: Loaded 58 train hat configurations.
[09:44:43] [Render thread/INFO] [ne.ne.ne.cl.en.an.js.AnimationLoader/]: Loaded 0 entity animations
[09:44:44] [Render thread/INFO] [Veil/]: Finished uploading vanilla shaders

> Task :runClient FAILED

FAILURE: Build failed with an exception.

* What went wrong:
Execution failed for task ':runClient'.
> Process 'command 'C:\Program Files\Java\jdk-21.0.12\bin\java.exe'' finished with non-zero exit value -1

* Try:
> Run with --stacktrace option to get the stack trace.
> Run with --info or --debug option to get more log output.
> Run with --scan to get full insights.
> Get more help at https://help.gradle.org.

BUILD FAILED in 40s
6 actionable tasks: 3 executed, 3 up-to-date
