> Task :createMinecraftArtifacts UP-TO-DATE
> Task :compileJava NO-SOURCE
> Task :processResources NO-SOURCE
> Task :classes UP-TO-DATE
> Task :downloadAssets UP-TO-DATE
> Task :writeDataLegacyClasspath
> Task :prepareDataRun
> Task :syncRunMods UP-TO-DATE

> Task :runData
WARN StatusConsoleListener Advanced terminal features are not available in this environment
[09:43:53] [main/INFO] [cp.mo.mo.Launcher/MODLAUNCHER]: ModLauncher running: args [--launchTarget, forgedatadev, --assetIndex, 17, --assetsDir, C:\\Users\\Sellu\\.gradle\\caches\\neoformruntime\\assets, --gameDir, ., --fml.fmlVersion, 4.0.45, --fml.mcVersion, 1.21.1, --fml.neoForgeVersion, 21.1.256, --fml.neoFormVersion, 20240808.144430, --mod, skyseam, --all, --output, C:\\Users\\Sellu\\Documents\\Projects\\Skyseam\\src\\generated\\resources, --existing, C:\\Users\\Sellu\\Documents\\Projects\\Skyseam\\src\\main\\resources]
[09:43:53] [main/INFO] [cp.mo.mo.Launcher/MODLAUNCHER]: JVM identified as Oracle Corporation Java HotSpot(TM) 64-Bit Server VM 21.0.12+7-LTS-205
[09:43:53] [main/INFO] [cp.mo.mo.Launcher/MODLAUNCHER]: ModLauncher 11.0.5+main.901c6ea8 starting: java version 21.0.12 by Oracle Corporation; OS Windows 11 arch amd64 version 10.0
[09:43:53] [main/INFO] [ne.ne.fm.lo.ImmediateWindowHandler/]: ImmediateWindowProvider not loading because launch target is forgedatadev
[09:43:53] [main/INFO] [mixin/]: SpongePowered MIXIN Subsystem Version=0.8.7 Source=union:/C:/Users/Sellu/.gradle/caches/modules-2/files-2.1/net.fabricmc/sponge-mixin/0.16.4+mixin.0.8.7/26d01f0567ab46e9ca0d2ed89d0ecc11aadbd433/sponge-mixin-0.16.4+mixin.0.8.7.jar%23138!/ Service=ModLauncher Env=CLIENT
[09:43:54] [main/INFO] [ne.ne.fm.lo.mo.lo.JarInJarDependencyLocator/]: Found 13 dependencies adding them to mods collection
[09:43:54] [main/INFO] [ne.ne.fm.lo.mo.ModDiscoverer/]: 
     Mod List:
		Name Version (Mod Id)

		Create 6.0.10 (create)
		Create Aeronautics 1.3.2 (aeronautics)
		Create Aeronautics 1.3.2 (aeronautics_bundled)
		Create Offroad 1.3.2 (offroad)
		Create Simulated 1.3.2 (simulated)
		Fealty 0.1.0 (fealty)
		Flywheel 1.0.6 (flywheel)
		GeckoLib 4 4.9.3 (geckolib)
		Minecraft 1.21.1 (minecraft)
		NeoForge 21.1.256 (neoforge)
		Ponder 1.0.82+mc1.21.1 (ponder)
		Sable 2.0.6 (sable)
		Sable Companion 1.6.0 (sablecompanion)
		Veil 4.3.2 (veil)
[09:43:55] [main/INFO] [mixin/]: Compatibility level set to JAVA_21
[09:43:55] [main/INFO] [cp.mo.mo.LaunchServiceHandler/MODLAUNCHER]: Launching target 'forgedatadev' with arguments [--gameDir, ., --assetsDir, C:\Users\Sellu\.gradle\caches\neoformruntime\assets, --assetIndex, 17, --mod, skyseam, --all, --output, C:\\Users\\Sellu\\Documents\\Projects\\Skyseam\\src\\generated\\resources, --existing, C:\\Users\\Sellu\\Documents\\Projects\\Skyseam\\src\\main\\resources]
[09:43:55] [main/WARN] [mixin/]: Reference map 'simulated.refmap.json' for simulated.mixins.json could not be read. If this is a development environment you can ignore this message
[09:43:55] [main/WARN] [mixin/]: Reference map 'geckolib.refmap.json' for geckolib.mixins.json could not be read. If this is a development environment you can ignore this message
[09:43:55] [main/WARN] [mixin/]: Reference map 'aeronautics.refmap.json' for aeronautics.mixins.json could not be read. If this is a development environment you can ignore this message
[09:43:55] [main/WARN] [mixin/]: Reference map 'ponder.refmap.json' for ponder-common.mixins.json could not be read. If this is a development environment you can ignore this message
[09:43:55] [main/INFO] [de.ry.sa.mi.AbstractSableMixinPlugin/]: Using Vanilla renderer mixins
[09:43:55] [main/INFO] [de.ry.sa.mi.AbstractSableMixinPlugin/]: Using Vanilla renderer mixins
[09:43:55] [main/WARN] [mixin/]: Reference map 'offroad.refmap.json' for offroad.mixins.json could not be read. If this is a development environment you can ignore this message
[09:43:55] [main/WARN] [mixin/]: Error loading class: net/irisshaders/iris/pipeline/PipelineManager (java.lang.ClassNotFoundException: net.irisshaders.iris.pipeline.PipelineManager)
[09:43:55] [main/WARN] [mixin/]: @Mixin target net.irisshaders.iris.pipeline.PipelineManager was not found veil.neoforge.mixins.json:client.perspective.iris.PipelineManagerMixin from mod veil
[09:43:56] [main/WARN] [mixin/]: Error loading class: org/jetbrains/annotations/ApiStatus$ScheduledForRemoval (java.lang.ClassNotFoundException: org.jetbrains.annotations.ApiStatus$ScheduledForRemoval)
[09:43:56] [main/INFO] [MixinExtras|Service/]: Initializing MixinExtras via com.llamalad7.mixinextras.service.MixinExtrasServiceImpl(version=0.5.5).
[09:43:56] [main/INFO] [ne.ne.ne.da.lo.DatagenModLoader/]: Initializing Data Gatherer for mods [skyseam]
[09:44:01] [modloading-worker-0/INFO] [Veil/]: Veil is initializing.
[09:44:02] [modloading-worker-0/INFO] [ne.ne.ne.co.NeoForgeMod/NEOFORGE-MOD]: NeoForge mod loading, version 21.1.256, for MC 1.21.1
[09:44:02] [modloading-worker-0/INFO] [co.si.cr.Create/]: Create 6.0.10 initializing! Commit hash: ac0c444d9828da3453ae8cc65338e8de063286fb
[09:44:03] [modloading-worker-0/INFO] [de.ry.sa.Sable/]: Sable loaded!
[09:44:03] [modloading-worker-0/WARN] [de.ry.sa.Sable/]: NOTE: Sable is loaded with Flywheel. Sable contains extensive shader overrides and a full light-storage replacement. Expect this to cause compatibility issues. If issues arise, please report them to the Sable issue tracker (https://github.com/ryanhcode/sable/issues) instead of the Flywheel issue tracker.
[09:44:05] [main/WARN] [minecraft/VanillaPackResourcesBuilder]: Assets URL 'union:/C:/Users/Sellu/Documents/Projects/Skyseam/build/moddev/artifacts/neoforge-21.1.256.jar%23192!/assets/.mcassetsroot' uses unexpected schema
[09:44:05] [main/WARN] [minecraft/VanillaPackResourcesBuilder]: Assets URL 'union:/C:/Users/Sellu/Documents/Projects/Skyseam/build/moddev/artifacts/neoforge-21.1.256.jar%23192!/data/.mcassetsroot' uses unexpected schema

BUILD SUCCESSFUL in 15s
6 actionable tasks: 3 executed, 3 up-to-date
